<?xml version="1.0"?>
<link_info>
   <banner>TMS320C2000 Linker PC v6.4.6</banner>
   <copyright>Copyright (c) 1996-2015 Texas Instruments Incorporated</copyright>
   <link_time>0x5ce684aa</link_time>
   <link_errors>0x0</link_errors>
   <output_file>HVACI_Sensorless_2833x.out</output_file>
   <entry_point>
      <name>_c_int00</name>
      <address>0xa016</address>
   </entry_point>
   <input_file_list>
      <input_file id="fl-5">
         <path>.\</path>
         <kind>object</kind>
         <file>DLOG4CHC.obj</file>
         <name>DLOG4CHC.obj</name>
      </input_file>
      <input_file id="fl-6">
         <path>.\</path>
         <kind>object</kind>
         <file>DSP2833x_ADC_cal.obj</file>
         <name>DSP2833x_ADC_cal.obj</name>
      </input_file>
      <input_file id="fl-7">
         <path>.\</path>
         <kind>object</kind>
         <file>DSP2833x_CodeStartBranch.obj</file>
         <name>DSP2833x_CodeStartBranch.obj</name>
      </input_file>
      <input_file id="fl-8">
         <path>.\</path>
         <kind>object</kind>
         <file>DSP2833x_GlobalVariableDefs.obj</file>
         <name>DSP2833x_GlobalVariableDefs.obj</name>
      </input_file>
      <input_file id="fl-9">
         <path>.\</path>
         <kind>object</kind>
         <file>DSP2833x_usDelay.obj</file>
         <name>DSP2833x_usDelay.obj</name>
      </input_file>
      <input_file id="fl-a">
         <path>.\</path>
         <kind>object</kind>
         <file>HVACI_Sensorless-DevInit_F2833x.obj</file>
         <name>HVACI_Sensorless-DevInit_F2833x.obj</name>
      </input_file>
      <input_file id="fl-b">
         <path>.\</path>
         <kind>object</kind>
         <file>HVACI_Sensorless.obj</file>
         <name>HVACI_Sensorless.obj</name>
      </input_file>
      <input_file id="fl-e">
         <path>C:\ti\ccsv8\tools\compiler\ti-cgt-c2000_6.4.6\lib\</path>
         <kind>archive</kind>
         <file>rts2800_fpu32.lib</file>
         <name>boot.obj</name>
      </input_file>
      <input_file id="fl-11">
         <path>C:\ti\ccsv8\tools\compiler\ti-cgt-c2000_6.4.6\lib\</path>
         <kind>archive</kind>
         <file>rts2800_fpu32.lib</file>
         <name>exit.obj</name>
      </input_file>
      <input_file id="fl-12">
         <path>C:\ti\ccsv8\tools\compiler\ti-cgt-c2000_6.4.6\lib\</path>
         <kind>archive</kind>
         <file>rts2800_fpu32.lib</file>
         <name>_lock.obj</name>
      </input_file>
      <input_file id="fl-13">
         <path>C:\ti\ccsv8\tools\compiler\ti-cgt-c2000_6.4.6\lib\</path>
         <kind>archive</kind>
         <file>rts2800_fpu32.lib</file>
         <name>args_main.obj</name>
      </input_file>
      <input_file id="fl-14">
         <path>D:\INSTALL\controlSUITE\libs\math\FPUfastRTS\V100\lib\</path>
         <kind>archive</kind>
         <file>rts2800_fpu32_fast_supplement.lib</file>
         <name>sin_f32.obj</name>
      </input_file>
      <input_file id="fl-15">
         <path>D:\INSTALL\controlSUITE\libs\math\FPUfastRTS\V100\lib\</path>
         <kind>archive</kind>
         <file>rts2800_fpu32_fast_supplement.lib</file>
         <name>div_f32.obj</name>
      </input_file>
      <input_file id="fl-16">
         <path>D:\INSTALL\controlSUITE\libs\math\FPUfastRTS\V100\lib\</path>
         <kind>archive</kind>
         <file>rts2800_fpu32_fast_supplement.lib</file>
         <name>cos_f32.obj</name>
      </input_file>
      <input_file id="fl-17">
         <path>D:\INSTALL\controlSUITE\libs\math\FPUfastRTS\V100\lib\</path>
         <kind>archive</kind>
         <file>rts2800_fpu32_fast_supplement.lib</file>
         <name>atan2_f32.obj</name>
      </input_file>
      <input_file id="fl-18">
         <path>D:\INSTALL\controlSUITE\libs\math\FPUfastRTS\V100\lib\</path>
         <kind>archive</kind>
         <file>rts2800_fpu32_fast_supplement.lib</file>
         <name>FPUmathTables.obj</name>
      </input_file>
      <input_file id="fl-19">
         <path>C:\ti\ccsv8\tools\compiler\ti-cgt-c2000_6.4.6\lib\</path>
         <kind>archive</kind>
         <file>rts2800_fpu32.lib</file>
         <name>modf.obj</name>
      </input_file>
   </input_file_list>
   <object_component_list>
      <object_component id="oc-91">
         <name>PieVectTableFile</name>
         <uninitialized>true</uninitialized>
         <run_address>0xd00</run_address>
         <size>0x100</size>
         <input_file_ref idref="fl-8"/>
      </object_component>
      <object_component id="oc-8d">
         <name>DevEmuRegsFile</name>
         <uninitialized>true</uninitialized>
         <run_address>0x880</run_address>
         <size>0xd0</size>
         <input_file_ref idref="fl-8"/>
      </object_component>
      <object_component id="oc-63">
         <name>FlashRegsFile</name>
         <uninitialized>true</uninitialized>
         <run_address>0xa80</run_address>
         <size>0x8</size>
         <input_file_ref idref="fl-8"/>
      </object_component>
      <object_component id="oc-6b">
         <name>CsmRegsFile</name>
         <uninitialized>true</uninitialized>
         <run_address>0xae0</run_address>
         <size>0x10</size>
         <input_file_ref idref="fl-8"/>
      </object_component>
      <object_component id="oc-6c">
         <name>AdcMirrorFile</name>
         <uninitialized>true</uninitialized>
         <run_address>0xb00</run_address>
         <size>0x10</size>
         <input_file_ref idref="fl-8"/>
      </object_component>
      <object_component id="oc-70">
         <name>XintfRegsFile</name>
         <uninitialized>true</uninitialized>
         <run_address>0xb20</run_address>
         <size>0x1e</size>
         <input_file_ref idref="fl-8"/>
      </object_component>
      <object_component id="oc-64">
         <name>CpuTimer0RegsFile</name>
         <uninitialized>true</uninitialized>
         <run_address>0xc00</run_address>
         <size>0x8</size>
         <input_file_ref idref="fl-8"/>
      </object_component>
      <object_component id="oc-65">
         <name>CpuTimer1RegsFile</name>
         <uninitialized>true</uninitialized>
         <run_address>0xc08</run_address>
         <size>0x8</size>
         <input_file_ref idref="fl-8"/>
      </object_component>
      <object_component id="oc-61">
         <name>CpuTimer2RegsFile</name>
         <uninitialized>true</uninitialized>
         <run_address>0xc10</run_address>
         <size>0x8</size>
         <input_file_ref idref="fl-8"/>
      </object_component>
      <object_component id="oc-6e">
         <name>PieCtrlRegsFile</name>
         <uninitialized>true</uninitialized>
         <run_address>0xce0</run_address>
         <size>0x1a</size>
         <input_file_ref idref="fl-8"/>
      </object_component>
      <object_component id="oc-8e">
         <name>DmaRegsFile</name>
         <uninitialized>true</uninitialized>
         <run_address>0x1000</run_address>
         <size>0xe0</size>
         <input_file_ref idref="fl-8"/>
      </object_component>
      <object_component id="oc-81">
         <name>McbspaRegsFile</name>
         <uninitialized>true</uninitialized>
         <run_address>0x5000</run_address>
         <size>0x25</size>
         <input_file_ref idref="fl-8"/>
      </object_component>
      <object_component id="oc-80">
         <name>McbspbRegsFile</name>
         <uninitialized>true</uninitialized>
         <run_address>0x5040</run_address>
         <size>0x25</size>
         <input_file_ref idref="fl-8"/>
      </object_component>
      <object_component id="oc-83">
         <name>ECanaRegsFile</name>
         <uninitialized>true</uninitialized>
         <run_address>0x6000</run_address>
         <size>0x34</size>
         <input_file_ref idref="fl-8"/>
      </object_component>
      <object_component id="oc-87">
         <name>ECanaLAMRegsFile</name>
         <uninitialized>true</uninitialized>
         <run_address>0x6040</run_address>
         <size>0x40</size>
         <input_file_ref idref="fl-8"/>
      </object_component>
      <object_component id="oc-90">
         <name>ECanaMboxesFile</name>
         <uninitialized>true</uninitialized>
         <run_address>0x6100</run_address>
         <size>0x100</size>
         <input_file_ref idref="fl-8"/>
      </object_component>
      <object_component id="oc-88">
         <name>ECanaMOTSRegsFile</name>
         <uninitialized>true</uninitialized>
         <run_address>0x6080</run_address>
         <size>0x40</size>
         <input_file_ref idref="fl-8"/>
      </object_component>
      <object_component id="oc-85">
         <name>ECanaMOTORegsFile</name>
         <uninitialized>true</uninitialized>
         <run_address>0x60c0</run_address>
         <size>0x40</size>
         <input_file_ref idref="fl-8"/>
      </object_component>
      <object_component id="oc-84">
         <name>ECanbRegsFile</name>
         <uninitialized>true</uninitialized>
         <run_address>0x6200</run_address>
         <size>0x34</size>
         <input_file_ref idref="fl-8"/>
      </object_component>
      <object_component id="oc-8c">
         <name>ECanbLAMRegsFile</name>
         <uninitialized>true</uninitialized>
         <run_address>0x6240</run_address>
         <size>0x40</size>
         <input_file_ref idref="fl-8"/>
      </object_component>
      <object_component id="oc-8f">
         <name>ECanbMboxesFile</name>
         <uninitialized>true</uninitialized>
         <run_address>0x6300</run_address>
         <size>0x100</size>
         <input_file_ref idref="fl-8"/>
      </object_component>
      <object_component id="oc-86">
         <name>ECanbMOTSRegsFile</name>
         <uninitialized>true</uninitialized>
         <run_address>0x6280</run_address>
         <size>0x40</size>
         <input_file_ref idref="fl-8"/>
      </object_component>
      <object_component id="oc-89">
         <name>ECanbMOTORegsFile</name>
         <uninitialized>true</uninitialized>
         <run_address>0x62c0</run_address>
         <size>0x40</size>
         <input_file_ref idref="fl-8"/>
      </object_component>
      <object_component id="oc-7e">
         <name>EPwm1RegsFile</name>
         <uninitialized>true</uninitialized>
         <run_address>0x6800</run_address>
         <size>0x22</size>
         <input_file_ref idref="fl-8"/>
      </object_component>
      <object_component id="oc-79">
         <name>EPwm2RegsFile</name>
         <uninitialized>true</uninitialized>
         <run_address>0x6840</run_address>
         <size>0x22</size>
         <input_file_ref idref="fl-8"/>
      </object_component>
      <object_component id="oc-7a">
         <name>EPwm3RegsFile</name>
         <uninitialized>true</uninitialized>
         <run_address>0x6880</run_address>
         <size>0x22</size>
         <input_file_ref idref="fl-8"/>
      </object_component>
      <object_component id="oc-7f">
         <name>EPwm4RegsFile</name>
         <uninitialized>true</uninitialized>
         <run_address>0x68c0</run_address>
         <size>0x22</size>
         <input_file_ref idref="fl-8"/>
      </object_component>
      <object_component id="oc-7c">
         <name>EPwm5RegsFile</name>
         <uninitialized>true</uninitialized>
         <run_address>0x6900</run_address>
         <size>0x22</size>
         <input_file_ref idref="fl-8"/>
      </object_component>
      <object_component id="oc-7d">
         <name>EPwm6RegsFile</name>
         <uninitialized>true</uninitialized>
         <run_address>0x6940</run_address>
         <size>0x22</size>
         <input_file_ref idref="fl-8"/>
      </object_component>
      <object_component id="oc-73">
         <name>ECap1RegsFile</name>
         <uninitialized>true</uninitialized>
         <run_address>0x6a00</run_address>
         <size>0x20</size>
         <input_file_ref idref="fl-8"/>
      </object_component>
      <object_component id="oc-74">
         <name>ECap2RegsFile</name>
         <uninitialized>true</uninitialized>
         <run_address>0x6a20</run_address>
         <size>0x20</size>
         <input_file_ref idref="fl-8"/>
      </object_component>
      <object_component id="oc-71">
         <name>ECap3RegsFile</name>
         <uninitialized>true</uninitialized>
         <run_address>0x6a40</run_address>
         <size>0x20</size>
         <input_file_ref idref="fl-8"/>
      </object_component>
      <object_component id="oc-72">
         <name>ECap4RegsFile</name>
         <uninitialized>true</uninitialized>
         <run_address>0x6a60</run_address>
         <size>0x20</size>
         <input_file_ref idref="fl-8"/>
      </object_component>
      <object_component id="oc-77">
         <name>ECap5RegsFile</name>
         <uninitialized>true</uninitialized>
         <run_address>0x6a80</run_address>
         <size>0x20</size>
         <input_file_ref idref="fl-8"/>
      </object_component>
      <object_component id="oc-78">
         <name>ECap6RegsFile</name>
         <uninitialized>true</uninitialized>
         <run_address>0x6aa0</run_address>
         <size>0x20</size>
         <input_file_ref idref="fl-8"/>
      </object_component>
      <object_component id="oc-8a">
         <name>EQep1RegsFile</name>
         <uninitialized>true</uninitialized>
         <run_address>0x6b00</run_address>
         <size>0x40</size>
         <input_file_ref idref="fl-8"/>
      </object_component>
      <object_component id="oc-8b">
         <name>EQep2RegsFile</name>
         <uninitialized>true</uninitialized>
         <run_address>0x6b40</run_address>
         <size>0x40</size>
         <input_file_ref idref="fl-8"/>
      </object_component>
      <object_component id="oc-82">
         <name>GpioCtrlRegsFile</name>
         <uninitialized>true</uninitialized>
         <run_address>0x6f80</run_address>
         <size>0x2e</size>
         <input_file_ref idref="fl-8"/>
      </object_component>
      <object_component id="oc-75">
         <name>GpioDataRegsFile</name>
         <uninitialized>true</uninitialized>
         <run_address>0x6fc0</run_address>
         <size>0x20</size>
         <input_file_ref idref="fl-8"/>
      </object_component>
      <object_component id="oc-66">
         <name>GpioIntRegsFile</name>
         <uninitialized>true</uninitialized>
         <run_address>0x6fe0</run_address>
         <size>0xa</size>
         <input_file_ref idref="fl-8"/>
      </object_component>
      <object_component id="oc-76">
         <name>SysCtrlRegsFile</name>
         <uninitialized>true</uninitialized>
         <run_address>0x7010</run_address>
         <size>0x20</size>
         <input_file_ref idref="fl-8"/>
      </object_component>
      <object_component id="oc-67">
         <name>SpiaRegsFile</name>
         <uninitialized>true</uninitialized>
         <run_address>0x7040</run_address>
         <size>0x10</size>
         <input_file_ref idref="fl-8"/>
      </object_component>
      <object_component id="oc-6a">
         <name>SciaRegsFile</name>
         <uninitialized>true</uninitialized>
         <run_address>0x7050</run_address>
         <size>0x10</size>
         <input_file_ref idref="fl-8"/>
      </object_component>
      <object_component id="oc-6d">
         <name>XIntruptRegsFile</name>
         <uninitialized>true</uninitialized>
         <run_address>0x7070</run_address>
         <size>0x10</size>
         <input_file_ref idref="fl-8"/>
      </object_component>
      <object_component id="oc-6f">
         <name>AdcRegsFile</name>
         <uninitialized>true</uninitialized>
         <run_address>0x7100</run_address>
         <size>0x1e</size>
         <input_file_ref idref="fl-8"/>
      </object_component>
      <object_component id="oc-68">
         <name>ScibRegsFile</name>
         <uninitialized>true</uninitialized>
         <run_address>0x7750</run_address>
         <size>0x10</size>
         <input_file_ref idref="fl-8"/>
      </object_component>
      <object_component id="oc-69">
         <name>ScicRegsFile</name>
         <uninitialized>true</uninitialized>
         <run_address>0x7770</run_address>
         <size>0x10</size>
         <input_file_ref idref="fl-8"/>
      </object_component>
      <object_component id="oc-7b">
         <name>I2caRegsFile</name>
         <uninitialized>true</uninitialized>
         <run_address>0x7900</run_address>
         <size>0x22</size>
         <input_file_ref idref="fl-8"/>
      </object_component>
      <object_component id="oc-62">
         <name>CsmPwlFile</name>
         <uninitialized>true</uninitialized>
         <run_address>0x33fff8</run_address>
         <size>0x8</size>
         <input_file_ref idref="fl-8"/>
      </object_component>
      <object_component id="oc-60">
         <name>PartIdRegsFile</name>
         <uninitialized>true</uninitialized>
         <run_address>0x380090</run_address>
         <size>0x1</size>
         <input_file_ref idref="fl-8"/>
      </object_component>
      <object_component id="oc-5a">
         <name>codestart</name>
         <load_address>0x0</load_address>
         <run_address>0x0</run_address>
         <size>0x2</size>
         <input_file_ref idref="fl-7"/>
      </object_component>
      <object_component id="oc-93">
         <name>ramfuncs</name>
         <load_address>0x82c9</load_address>
         <run_address>0x82c9</run_address>
         <size>0x4</size>
         <input_file_ref idref="fl-9"/>
      </object_component>
      <object_component id="oc-a1">
         <name>.text:retain</name>
         <load_address>0x9000</load_address>
         <run_address>0x9000</run_address>
         <size>0x811</size>
         <input_file_ref idref="fl-b"/>
      </object_component>
      <object_component id="oc-d5">
         <name>.text</name>
         <load_address>0x9811</load_address>
         <run_address>0x9811</run_address>
         <size>0x5ac</size>
         <input_file_ref idref="fl-b"/>
      </object_component>
      <object_component id="oc-d9">
         <name>.text</name>
         <load_address>0x9dbd</load_address>
         <run_address>0x9dbd</run_address>
         <size>0x1bf</size>
         <input_file_ref idref="fl-a"/>
      </object_component>
      <object_component id="oc-c9">
         <name>.text</name>
         <load_address>0x9f7c</load_address>
         <run_address>0x9f7c</run_address>
         <size>0x4f</size>
         <input_file_ref idref="fl-17"/>
      </object_component>
      <object_component id="oc-4e">
         <name>.text</name>
         <load_address>0x9fcb</load_address>
         <run_address>0x9fcb</run_address>
         <size>0x4b</size>
         <input_file_ref idref="fl-5"/>
      </object_component>
      <object_component id="oc-4d">
         <name>.text</name>
         <load_address>0xa016</load_address>
         <run_address>0xa016</run_address>
         <size>0x46</size>
         <input_file_ref idref="fl-e"/>
      </object_component>
      <object_component id="oc-c5">
         <name>.text</name>
         <load_address>0xa05c</load_address>
         <run_address>0xa05c</run_address>
         <size>0x34</size>
         <input_file_ref idref="fl-16"/>
      </object_component>
      <object_component id="oc-bd">
         <name>.text</name>
         <load_address>0xa090</load_address>
         <run_address>0xa090</run_address>
         <size>0x34</size>
         <input_file_ref idref="fl-14"/>
      </object_component>
      <object_component id="oc-d8">
         <name>.text</name>
         <load_address>0xa0c4</load_address>
         <run_address>0xa0c4</run_address>
         <size>0x1c</size>
         <input_file_ref idref="fl-19"/>
      </object_component>
      <object_component id="oc-d3">
         <name>.text</name>
         <load_address>0xa0e0</load_address>
         <run_address>0xa0e0</run_address>
         <size>0x19</size>
         <input_file_ref idref="fl-13"/>
      </object_component>
      <object_component id="oc-d4">
         <name>.text</name>
         <load_address>0xa0f9</load_address>
         <run_address>0xa0f9</run_address>
         <size>0x19</size>
         <input_file_ref idref="fl-11"/>
      </object_component>
      <object_component id="oc-c1">
         <name>.text</name>
         <load_address>0xa112</load_address>
         <run_address>0xa112</run_address>
         <size>0x19</size>
         <input_file_ref idref="fl-15"/>
      </object_component>
      <object_component id="oc-99">
         <name>.text:retain</name>
         <load_address>0xa12b</load_address>
         <run_address>0xa12b</run_address>
         <size>0xa</size>
         <input_file_ref idref="fl-a"/>
      </object_component>
      <object_component id="oc-da">
         <name>.text</name>
         <load_address>0xa135</load_address>
         <run_address>0xa135</run_address>
         <size>0x9</size>
         <input_file_ref idref="fl-12"/>
      </object_component>
      <object_component id="oc-59">
         <name>.text</name>
         <load_address>0xa13e</load_address>
         <run_address>0xa13e</run_address>
         <size>0x8</size>
         <input_file_ref idref="fl-7"/>
      </object_component>
      <object_component id="oc-9f">
         <name>.cinit</name>
         <load_address>0x8000</load_address>
         <run_address>0x8000</run_address>
         <size>0x2b3</size>
         <input_file_ref idref="fl-b"/>
      </object_component>
      <object_component id="oc-ad">
         <name>.cinit</name>
         <load_address>0x82b3</load_address>
         <run_address>0x82b3</run_address>
         <size>0xa</size>
         <input_file_ref idref="fl-11"/>
      </object_component>
      <object_component id="oc-d7">
         <name>.cinit:__lock</name>
         <load_address>0x82bd</load_address>
         <run_address>0x82bd</run_address>
         <size>0x5</size>
         <input_file_ref idref="fl-12"/>
      </object_component>
      <object_component id="oc-db">
         <name>.cinit:__unlock</name>
         <load_address>0x82c2</load_address>
         <run_address>0x82c2</run_address>
         <size>0x5</size>
         <input_file_ref idref="fl-12"/>
      </object_component>
      <object_component id="oc-a6">
         <name>.stack</name>
         <uninitialized>true</uninitialized>
         <run_address>0x400</run_address>
         <size>0x0</size>
         <input_file_ref idref="fl-e"/>
      </object_component>
      <object_component id="oc-132">
         <name>.stack</name>
         <uninitialized>true</uninitialized>
         <run_address>0x400</run_address>
         <size>0x0</size>
      </object_component>
      <object_component id="oc-a0">
         <name>.ebss</name>
         <uninitialized>true</uninitialized>
         <run_address>0xc340</run_address>
         <size>0x2c6</size>
         <input_file_ref idref="fl-b"/>
      </object_component>
      <object_component id="oc-ae">
         <name>.ebss</name>
         <uninitialized>true</uninitialized>
         <run_address>0xc320</run_address>
         <size>0x4</size>
         <input_file_ref idref="fl-11"/>
      </object_component>
      <object_component id="oc-dc">
         <name>.ebss:__unlock</name>
         <uninitialized>true</uninitialized>
         <run_address>0xc326</run_address>
         <size>0x2</size>
         <input_file_ref idref="fl-12"/>
      </object_component>
      <object_component id="oc-d6">
         <name>.ebss:__lock</name>
         <uninitialized>true</uninitialized>
         <run_address>0xc324</run_address>
         <size>0x2</size>
         <input_file_ref idref="fl-12"/>
      </object_component>
      <object_component id="oc-cd">
         <name>FPUmathTables</name>
         <load_address>0x3febdc</load_address>
         <run_address>0x3febdc</run_address>
         <size>0x6a0</size>
         <input_file_ref idref="fl-18"/>
      </object_component>
      <object_component id="oc-a7">
         <name>.reset</name>
         <load_address>0x3fffc0</load_address>
         <run_address>0x3fffc0</run_address>
         <size>0x2</size>
         <input_file_ref idref="fl-e"/>
      </object_component>
      <object_component id="oc-54">
         <name>.adc_cal</name>
         <load_address>0x380080</load_address>
         <run_address>0x380080</run_address>
         <size>0x7</size>
         <input_file_ref idref="fl-6"/>
      </object_component>
      <object_component id="oc-4f">
         <name>DLOG</name>
         <uninitialized>true</uninitialized>
         <run_address>0xc000</run_address>
         <size>0x320</size>
         <input_file_ref idref="fl-5"/>
      </object_component>
      <object_component id="oc-50">
         <name>.debug_info</name>
         <load_address>0x0</load_address>
         <run_address>0x0</run_address>
         <size>0x122</size>
         <input_file_ref idref="fl-5"/>
      </object_component>
      <object_component id="oc-55">
         <name>.debug_info</name>
         <load_address>0x122</load_address>
         <run_address>0x122</run_address>
         <size>0x1a7</size>
         <input_file_ref idref="fl-6"/>
      </object_component>
      <object_component id="oc-5b">
         <name>.debug_info</name>
         <load_address>0x2c9</load_address>
         <run_address>0x2c9</run_address>
         <size>0x225</size>
         <input_file_ref idref="fl-7"/>
      </object_component>
      <object_component id="oc-5f">
         <name>.debug_info</name>
         <load_address>0x4ee</load_address>
         <run_address>0x4ee</run_address>
         <size>0x13406</size>
         <input_file_ref idref="fl-8"/>
      </object_component>
      <object_component id="oc-94">
         <name>.debug_info</name>
         <load_address>0x138f4</load_address>
         <run_address>0x138f4</run_address>
         <size>0x119</size>
         <input_file_ref idref="fl-9"/>
      </object_component>
      <object_component id="oc-98">
         <name>.debug_info</name>
         <load_address>0x13a0d</load_address>
         <run_address>0x13a0d</run_address>
         <size>0x48a6</size>
         <input_file_ref idref="fl-a"/>
      </object_component>
      <object_component id="oc-9e">
         <name>.debug_info</name>
         <load_address>0x182b3</load_address>
         <run_address>0x182b3</run_address>
         <size>0x9218</size>
         <input_file_ref idref="fl-b"/>
      </object_component>
      <object_component id="oc-a8">
         <name>.debug_info</name>
         <load_address>0x214cb</load_address>
         <run_address>0x214cb</run_address>
         <size>0x10f</size>
         <input_file_ref idref="fl-e"/>
      </object_component>
      <object_component id="oc-ac">
         <name>.debug_info</name>
         <load_address>0x215da</load_address>
         <run_address>0x215da</run_address>
         <size>0x4b8</size>
         <input_file_ref idref="fl-11"/>
      </object_component>
      <object_component id="oc-b3">
         <name>.debug_info</name>
         <load_address>0x21a92</load_address>
         <run_address>0x21a92</run_address>
         <size>0x4e2</size>
         <input_file_ref idref="fl-12"/>
      </object_component>
      <object_component id="oc-b8">
         <name>.debug_info</name>
         <load_address>0x21f74</load_address>
         <run_address>0x21f74</run_address>
         <size>0x4af</size>
         <input_file_ref idref="fl-13"/>
      </object_component>
      <object_component id="oc-be">
         <name>.debug_info</name>
         <load_address>0x22423</load_address>
         <run_address>0x22423</run_address>
         <size>0x142</size>
         <input_file_ref idref="fl-14"/>
      </object_component>
      <object_component id="oc-c2">
         <name>.debug_info</name>
         <load_address>0x22565</load_address>
         <run_address>0x22565</run_address>
         <size>0x142</size>
         <input_file_ref idref="fl-15"/>
      </object_component>
      <object_component id="oc-c6">
         <name>.debug_info</name>
         <load_address>0x226a7</load_address>
         <run_address>0x226a7</run_address>
         <size>0x142</size>
         <input_file_ref idref="fl-16"/>
      </object_component>
      <object_component id="oc-ca">
         <name>.debug_info</name>
         <load_address>0x227e9</load_address>
         <run_address>0x227e9</run_address>
         <size>0x147</size>
         <input_file_ref idref="fl-17"/>
      </object_component>
      <object_component id="oc-ce">
         <name>.debug_info</name>
         <load_address>0x22930</load_address>
         <run_address>0x22930</run_address>
         <size>0x407</size>
         <input_file_ref idref="fl-19"/>
      </object_component>
      <object_component id="oc-133">
         <name>.debug_info</name>
         <load_address>0x22d37</load_address>
         <run_address>0x22d37</run_address>
         <size>0xd2</size>
      </object_component>
      <object_component id="oc-51">
         <name>.debug_line</name>
         <load_address>0x0</load_address>
         <run_address>0x0</run_address>
         <size>0x7f</size>
         <input_file_ref idref="fl-5"/>
      </object_component>
      <object_component id="oc-56">
         <name>.debug_line</name>
         <load_address>0x7f</load_address>
         <run_address>0x7f</run_address>
         <size>0x90</size>
         <input_file_ref idref="fl-6"/>
      </object_component>
      <object_component id="oc-5c">
         <name>.debug_line</name>
         <load_address>0x10f</load_address>
         <run_address>0x10f</run_address>
         <size>0xa8</size>
         <input_file_ref idref="fl-7"/>
      </object_component>
      <object_component id="oc-95">
         <name>.debug_line</name>
         <load_address>0x1b7</load_address>
         <run_address>0x1b7</run_address>
         <size>0x48</size>
         <input_file_ref idref="fl-9"/>
      </object_component>
      <object_component id="oc-9b">
         <name>.debug_line</name>
         <load_address>0x1ff</load_address>
         <run_address>0x1ff</run_address>
         <size>0x1cd</size>
         <input_file_ref idref="fl-a"/>
      </object_component>
      <object_component id="oc-a3">
         <name>.debug_line</name>
         <load_address>0x3cc</load_address>
         <run_address>0x3cc</run_address>
         <size>0x421</size>
         <input_file_ref idref="fl-b"/>
      </object_component>
      <object_component id="oc-a9">
         <name>.debug_line</name>
         <load_address>0x7ed</load_address>
         <run_address>0x7ed</run_address>
         <size>0x74</size>
         <input_file_ref idref="fl-e"/>
      </object_component>
      <object_component id="oc-b0">
         <name>.debug_line</name>
         <load_address>0x861</load_address>
         <run_address>0x861</run_address>
         <size>0x65</size>
         <input_file_ref idref="fl-11"/>
      </object_component>
      <object_component id="oc-b5">
         <name>.debug_line</name>
         <load_address>0x8c6</load_address>
         <run_address>0x8c6</run_address>
         <size>0x5e</size>
         <input_file_ref idref="fl-12"/>
      </object_component>
      <object_component id="oc-ba">
         <name>.debug_line</name>
         <load_address>0x924</load_address>
         <run_address>0x924</run_address>
         <size>0x59</size>
         <input_file_ref idref="fl-13"/>
      </object_component>
      <object_component id="oc-bf">
         <name>.debug_line</name>
         <load_address>0x97d</load_address>
         <run_address>0x97d</run_address>
         <size>0x88</size>
         <input_file_ref idref="fl-14"/>
      </object_component>
      <object_component id="oc-c3">
         <name>.debug_line</name>
         <load_address>0xa05</load_address>
         <run_address>0xa05</run_address>
         <size>0x7a</size>
         <input_file_ref idref="fl-15"/>
      </object_component>
      <object_component id="oc-c7">
         <name>.debug_line</name>
         <load_address>0xa7f</load_address>
         <run_address>0xa7f</run_address>
         <size>0x88</size>
         <input_file_ref idref="fl-16"/>
      </object_component>
      <object_component id="oc-cb">
         <name>.debug_line</name>
         <load_address>0xb07</load_address>
         <run_address>0xb07</run_address>
         <size>0x99</size>
         <input_file_ref idref="fl-17"/>
      </object_component>
      <object_component id="oc-d0">
         <name>.debug_line</name>
         <load_address>0xba0</load_address>
         <run_address>0xba0</run_address>
         <size>0x41</size>
         <input_file_ref idref="fl-19"/>
      </object_component>
      <object_component id="oc-52">
         <name>.debug_abbrev</name>
         <load_address>0x0</load_address>
         <run_address>0x0</run_address>
         <size>0x2f</size>
         <input_file_ref idref="fl-5"/>
      </object_component>
      <object_component id="oc-57">
         <name>.debug_abbrev</name>
         <load_address>0x2f</load_address>
         <run_address>0x2f</run_address>
         <size>0x2f</size>
         <input_file_ref idref="fl-6"/>
      </object_component>
      <object_component id="oc-5d">
         <name>.debug_abbrev</name>
         <load_address>0x5e</load_address>
         <run_address>0x5e</run_address>
         <size>0x21</size>
         <input_file_ref idref="fl-7"/>
      </object_component>
      <object_component id="oc-92">
         <name>.debug_abbrev</name>
         <load_address>0x7f</load_address>
         <run_address>0x7f</run_address>
         <size>0xb7</size>
         <input_file_ref idref="fl-8"/>
      </object_component>
      <object_component id="oc-96">
         <name>.debug_abbrev</name>
         <load_address>0x136</load_address>
         <run_address>0x136</run_address>
         <size>0x2f</size>
         <input_file_ref idref="fl-9"/>
      </object_component>
      <object_component id="oc-9c">
         <name>.debug_abbrev</name>
         <load_address>0x165</load_address>
         <run_address>0x165</run_address>
         <size>0x170</size>
         <input_file_ref idref="fl-a"/>
      </object_component>
      <object_component id="oc-a4">
         <name>.debug_abbrev</name>
         <load_address>0x2d5</load_address>
         <run_address>0x2d5</run_address>
         <size>0x201</size>
         <input_file_ref idref="fl-b"/>
      </object_component>
      <object_component id="oc-aa">
         <name>.debug_abbrev</name>
         <load_address>0x4d6</load_address>
         <run_address>0x4d6</run_address>
         <size>0x46</size>
         <input_file_ref idref="fl-e"/>
      </object_component>
      <object_component id="oc-b1">
         <name>.debug_abbrev</name>
         <load_address>0x51c</load_address>
         <run_address>0x51c</run_address>
         <size>0x117</size>
         <input_file_ref idref="fl-11"/>
      </object_component>
      <object_component id="oc-b6">
         <name>.debug_abbrev</name>
         <load_address>0x633</load_address>
         <run_address>0x633</run_address>
         <size>0xb2</size>
         <input_file_ref idref="fl-12"/>
      </object_component>
      <object_component id="oc-bb">
         <name>.debug_abbrev</name>
         <load_address>0x6e5</load_address>
         <run_address>0x6e5</run_address>
         <size>0xfe</size>
         <input_file_ref idref="fl-13"/>
      </object_component>
      <object_component id="oc-c0">
         <name>.debug_abbrev</name>
         <load_address>0x7e3</load_address>
         <run_address>0x7e3</run_address>
         <size>0x2c</size>
         <input_file_ref idref="fl-14"/>
      </object_component>
      <object_component id="oc-c4">
         <name>.debug_abbrev</name>
         <load_address>0x80f</load_address>
         <run_address>0x80f</run_address>
         <size>0x2c</size>
         <input_file_ref idref="fl-15"/>
      </object_component>
      <object_component id="oc-c8">
         <name>.debug_abbrev</name>
         <load_address>0x83b</load_address>
         <run_address>0x83b</run_address>
         <size>0x2c</size>
         <input_file_ref idref="fl-16"/>
      </object_component>
      <object_component id="oc-cc">
         <name>.debug_abbrev</name>
         <load_address>0x867</load_address>
         <run_address>0x867</run_address>
         <size>0x2c</size>
         <input_file_ref idref="fl-17"/>
      </object_component>
      <object_component id="oc-d1">
         <name>.debug_abbrev</name>
         <load_address>0x893</load_address>
         <run_address>0x893</run_address>
         <size>0x9d</size>
         <input_file_ref idref="fl-19"/>
      </object_component>
      <object_component id="oc-134">
         <name>.debug_abbrev</name>
         <load_address>0x930</load_address>
         <run_address>0x930</run_address>
         <size>0xf</size>
      </object_component>
      <object_component id="oc-53">
         <name>.debug_aranges</name>
         <load_address>0x0</load_address>
         <run_address>0x0</run_address>
         <size>0x20</size>
         <input_file_ref idref="fl-5"/>
      </object_component>
      <object_component id="oc-58">
         <name>.debug_aranges</name>
         <load_address>0x20</load_address>
         <run_address>0x20</run_address>
         <size>0x20</size>
         <input_file_ref idref="fl-6"/>
      </object_component>
      <object_component id="oc-5e">
         <name>.debug_aranges</name>
         <load_address>0x40</load_address>
         <run_address>0x40</run_address>
         <size>0x28</size>
         <input_file_ref idref="fl-7"/>
      </object_component>
      <object_component id="oc-97">
         <name>.debug_aranges</name>
         <load_address>0x68</load_address>
         <run_address>0x68</run_address>
         <size>0x20</size>
         <input_file_ref idref="fl-9"/>
      </object_component>
      <object_component id="oc-9d">
         <name>.debug_aranges</name>
         <load_address>0x88</load_address>
         <run_address>0x88</run_address>
         <size>0x50</size>
         <input_file_ref idref="fl-a"/>
      </object_component>
      <object_component id="oc-a5">
         <name>.debug_aranges</name>
         <load_address>0xd8</load_address>
         <run_address>0xd8</run_address>
         <size>0xa0</size>
         <input_file_ref idref="fl-b"/>
      </object_component>
      <object_component id="oc-ab">
         <name>.debug_aranges</name>
         <load_address>0x178</load_address>
         <run_address>0x178</run_address>
         <size>0x20</size>
         <input_file_ref idref="fl-e"/>
      </object_component>
      <object_component id="oc-b2">
         <name>.debug_aranges</name>
         <load_address>0x198</load_address>
         <run_address>0x198</run_address>
         <size>0x28</size>
         <input_file_ref idref="fl-11"/>
      </object_component>
      <object_component id="oc-b7">
         <name>.debug_aranges</name>
         <load_address>0x1c0</load_address>
         <run_address>0x1c0</run_address>
         <size>0x30</size>
         <input_file_ref idref="fl-12"/>
      </object_component>
      <object_component id="oc-bc">
         <name>.debug_aranges</name>
         <load_address>0x1f0</load_address>
         <run_address>0x1f0</run_address>
         <size>0x20</size>
         <input_file_ref idref="fl-13"/>
      </object_component>
      <object_component id="oc-d2">
         <name>.debug_aranges</name>
         <load_address>0x210</load_address>
         <run_address>0x210</run_address>
         <size>0x20</size>
         <input_file_ref idref="fl-19"/>
      </object_component>
      <object_component id="oc-9a">
         <name>.debug_frame</name>
         <load_address>0x0</load_address>
         <run_address>0x0</run_address>
         <size>0x143</size>
         <input_file_ref idref="fl-a"/>
      </object_component>
      <object_component id="oc-a2">
         <name>.debug_frame</name>
         <load_address>0x143</load_address>
         <run_address>0x143</run_address>
         <size>0x2b7</size>
         <input_file_ref idref="fl-b"/>
      </object_component>
      <object_component id="oc-af">
         <name>.debug_frame</name>
         <load_address>0x3fa</load_address>
         <run_address>0x3fa</run_address>
         <size>0xbf</size>
         <input_file_ref idref="fl-11"/>
      </object_component>
      <object_component id="oc-b4">
         <name>.debug_frame</name>
         <load_address>0x4b9</load_address>
         <run_address>0x4b9</run_address>
         <size>0xcb</size>
         <input_file_ref idref="fl-12"/>
      </object_component>
      <object_component id="oc-b9">
         <name>.debug_frame</name>
         <load_address>0x584</load_address>
         <run_address>0x584</run_address>
         <size>0xa1</size>
         <input_file_ref idref="fl-13"/>
      </object_component>
      <object_component id="oc-cf">
         <name>.debug_frame</name>
         <load_address>0x625</load_address>
         <run_address>0x625</run_address>
         <size>0xa7</size>
         <input_file_ref idref="fl-19"/>
      </object_component>
   </object_component_list>
   <logical_group_list>
      <logical_group id="lg-2" display="no" color="cyan">
         <name>PieVectTableFile</name>
         <run_address>0xd00</run_address>
         <size>0x100</size>
         <contents>
            <object_component_ref idref="oc-91"/>
         </contents>
      </logical_group>
      <logical_group id="lg-3" display="no" color="cyan">
         <name>DevEmuRegsFile</name>
         <run_address>0x880</run_address>
         <size>0xd0</size>
         <contents>
            <object_component_ref idref="oc-8d"/>
         </contents>
      </logical_group>
      <logical_group id="lg-4" display="no" color="cyan">
         <name>FlashRegsFile</name>
         <run_address>0xa80</run_address>
         <size>0x8</size>
         <contents>
            <object_component_ref idref="oc-63"/>
         </contents>
      </logical_group>
      <logical_group id="lg-5" display="no" color="cyan">
         <name>CsmRegsFile</name>
         <run_address>0xae0</run_address>
         <size>0x10</size>
         <contents>
            <object_component_ref idref="oc-6b"/>
         </contents>
      </logical_group>
      <logical_group id="lg-6" display="no" color="cyan">
         <name>AdcMirrorFile</name>
         <run_address>0xb00</run_address>
         <size>0x10</size>
         <contents>
            <object_component_ref idref="oc-6c"/>
         </contents>
      </logical_group>
      <logical_group id="lg-7" display="no" color="cyan">
         <name>XintfRegsFile</name>
         <run_address>0xb20</run_address>
         <size>0x1e</size>
         <contents>
            <object_component_ref idref="oc-70"/>
         </contents>
      </logical_group>
      <logical_group id="lg-8" display="no" color="cyan">
         <name>CpuTimer0RegsFile</name>
         <run_address>0xc00</run_address>
         <size>0x8</size>
         <contents>
            <object_component_ref idref="oc-64"/>
         </contents>
      </logical_group>
      <logical_group id="lg-9" display="no" color="cyan">
         <name>CpuTimer1RegsFile</name>
         <run_address>0xc08</run_address>
         <size>0x8</size>
         <contents>
            <object_component_ref idref="oc-65"/>
         </contents>
      </logical_group>
      <logical_group id="lg-a" display="no" color="cyan">
         <name>CpuTimer2RegsFile</name>
         <run_address>0xc10</run_address>
         <size>0x8</size>
         <contents>
            <object_component_ref idref="oc-61"/>
         </contents>
      </logical_group>
      <logical_group id="lg-b" display="no" color="cyan">
         <name>PieCtrlRegsFile</name>
         <run_address>0xce0</run_address>
         <size>0x1a</size>
         <contents>
            <object_component_ref idref="oc-6e"/>
         </contents>
      </logical_group>
      <logical_group id="lg-c" display="no" color="cyan">
         <name>DmaRegsFile</name>
         <run_address>0x1000</run_address>
         <size>0xe0</size>
         <contents>
            <object_component_ref idref="oc-8e"/>
         </contents>
      </logical_group>
      <logical_group id="lg-d" display="no" color="cyan">
         <name>McbspaRegsFile</name>
         <run_address>0x5000</run_address>
         <size>0x25</size>
         <contents>
            <object_component_ref idref="oc-81"/>
         </contents>
      </logical_group>
      <logical_group id="lg-e" display="no" color="cyan">
         <name>McbspbRegsFile</name>
         <run_address>0x5040</run_address>
         <size>0x25</size>
         <contents>
            <object_component_ref idref="oc-80"/>
         </contents>
      </logical_group>
      <logical_group id="lg-f" display="no" color="cyan">
         <name>ECanaRegsFile</name>
         <run_address>0x6000</run_address>
         <size>0x34</size>
         <contents>
            <object_component_ref idref="oc-83"/>
         </contents>
      </logical_group>
      <logical_group id="lg-10" display="no" color="cyan">
         <name>ECanaLAMRegsFile</name>
         <run_address>0x6040</run_address>
         <size>0x40</size>
         <contents>
            <object_component_ref idref="oc-87"/>
         </contents>
      </logical_group>
      <logical_group id="lg-11" display="no" color="cyan">
         <name>ECanaMboxesFile</name>
         <run_address>0x6100</run_address>
         <size>0x100</size>
         <contents>
            <object_component_ref idref="oc-90"/>
         </contents>
      </logical_group>
      <logical_group id="lg-12" display="no" color="cyan">
         <name>ECanaMOTSRegsFile</name>
         <run_address>0x6080</run_address>
         <size>0x40</size>
         <contents>
            <object_component_ref idref="oc-88"/>
         </contents>
      </logical_group>
      <logical_group id="lg-13" display="no" color="cyan">
         <name>ECanaMOTORegsFile</name>
         <run_address>0x60c0</run_address>
         <size>0x40</size>
         <contents>
            <object_component_ref idref="oc-85"/>
         </contents>
      </logical_group>
      <logical_group id="lg-14" display="no" color="cyan">
         <name>ECanbRegsFile</name>
         <run_address>0x6200</run_address>
         <size>0x34</size>
         <contents>
            <object_component_ref idref="oc-84"/>
         </contents>
      </logical_group>
      <logical_group id="lg-15" display="no" color="cyan">
         <name>ECanbLAMRegsFile</name>
         <run_address>0x6240</run_address>
         <size>0x40</size>
         <contents>
            <object_component_ref idref="oc-8c"/>
         </contents>
      </logical_group>
      <logical_group id="lg-16" display="no" color="cyan">
         <name>ECanbMboxesFile</name>
         <run_address>0x6300</run_address>
         <size>0x100</size>
         <contents>
            <object_component_ref idref="oc-8f"/>
         </contents>
      </logical_group>
      <logical_group id="lg-17" display="no" color="cyan">
         <name>ECanbMOTSRegsFile</name>
         <run_address>0x6280</run_address>
         <size>0x40</size>
         <contents>
            <object_component_ref idref="oc-86"/>
         </contents>
      </logical_group>
      <logical_group id="lg-18" display="no" color="cyan">
         <name>ECanbMOTORegsFile</name>
         <run_address>0x62c0</run_address>
         <size>0x40</size>
         <contents>
            <object_component_ref idref="oc-89"/>
         </contents>
      </logical_group>
      <logical_group id="lg-19" display="no" color="cyan">
         <name>EPwm1RegsFile</name>
         <run_address>0x6800</run_address>
         <size>0x22</size>
         <contents>
            <object_component_ref idref="oc-7e"/>
         </contents>
      </logical_group>
      <logical_group id="lg-1a" display="no" color="cyan">
         <name>EPwm2RegsFile</name>
         <run_address>0x6840</run_address>
         <size>0x22</size>
         <contents>
            <object_component_ref idref="oc-79"/>
         </contents>
      </logical_group>
      <logical_group id="lg-1b" display="no" color="cyan">
         <name>EPwm3RegsFile</name>
         <run_address>0x6880</run_address>
         <size>0x22</size>
         <contents>
            <object_component_ref idref="oc-7a"/>
         </contents>
      </logical_group>
      <logical_group id="lg-1c" display="no" color="cyan">
         <name>EPwm4RegsFile</name>
         <run_address>0x68c0</run_address>
         <size>0x22</size>
         <contents>
            <object_component_ref idref="oc-7f"/>
         </contents>
      </logical_group>
      <logical_group id="lg-1d" display="no" color="cyan">
         <name>EPwm5RegsFile</name>
         <run_address>0x6900</run_address>
         <size>0x22</size>
         <contents>
            <object_component_ref idref="oc-7c"/>
         </contents>
      </logical_group>
      <logical_group id="lg-1e" display="no" color="cyan">
         <name>EPwm6RegsFile</name>
         <run_address>0x6940</run_address>
         <size>0x22</size>
         <contents>
            <object_component_ref idref="oc-7d"/>
         </contents>
      </logical_group>
      <logical_group id="lg-1f" display="no" color="cyan">
         <name>ECap1RegsFile</name>
         <run_address>0x6a00</run_address>
         <size>0x20</size>
         <contents>
            <object_component_ref idref="oc-73"/>
         </contents>
      </logical_group>
      <logical_group id="lg-20" display="no" color="cyan">
         <name>ECap2RegsFile</name>
         <run_address>0x6a20</run_address>
         <size>0x20</size>
         <contents>
            <object_component_ref idref="oc-74"/>
         </contents>
      </logical_group>
      <logical_group id="lg-21" display="no" color="cyan">
         <name>ECap3RegsFile</name>
         <run_address>0x6a40</run_address>
         <size>0x20</size>
         <contents>
            <object_component_ref idref="oc-71"/>
         </contents>
      </logical_group>
      <logical_group id="lg-22" display="no" color="cyan">
         <name>ECap4RegsFile</name>
         <run_address>0x6a60</run_address>
         <size>0x20</size>
         <contents>
            <object_component_ref idref="oc-72"/>
         </contents>
      </logical_group>
      <logical_group id="lg-23" display="no" color="cyan">
         <name>ECap5RegsFile</name>
         <run_address>0x6a80</run_address>
         <size>0x20</size>
         <contents>
            <object_component_ref idref="oc-77"/>
         </contents>
      </logical_group>
      <logical_group id="lg-24" display="no" color="cyan">
         <name>ECap6RegsFile</name>
         <run_address>0x6aa0</run_address>
         <size>0x20</size>
         <contents>
            <object_component_ref idref="oc-78"/>
         </contents>
      </logical_group>
      <logical_group id="lg-25" display="no" color="cyan">
         <name>EQep1RegsFile</name>
         <run_address>0x6b00</run_address>
         <size>0x40</size>
         <contents>
            <object_component_ref idref="oc-8a"/>
         </contents>
      </logical_group>
      <logical_group id="lg-26" display="no" color="cyan">
         <name>EQep2RegsFile</name>
         <run_address>0x6b40</run_address>
         <size>0x40</size>
         <contents>
            <object_component_ref idref="oc-8b"/>
         </contents>
      </logical_group>
      <logical_group id="lg-27" display="no" color="cyan">
         <name>GpioCtrlRegsFile</name>
         <run_address>0x6f80</run_address>
         <size>0x2e</size>
         <contents>
            <object_component_ref idref="oc-82"/>
         </contents>
      </logical_group>
      <logical_group id="lg-28" display="no" color="cyan">
         <name>GpioDataRegsFile</name>
         <run_address>0x6fc0</run_address>
         <size>0x20</size>
         <contents>
            <object_component_ref idref="oc-75"/>
         </contents>
      </logical_group>
      <logical_group id="lg-29" display="no" color="cyan">
         <name>GpioIntRegsFile</name>
         <run_address>0x6fe0</run_address>
         <size>0xa</size>
         <contents>
            <object_component_ref idref="oc-66"/>
         </contents>
      </logical_group>
      <logical_group id="lg-2a" display="no" color="cyan">
         <name>SysCtrlRegsFile</name>
         <run_address>0x7010</run_address>
         <size>0x20</size>
         <contents>
            <object_component_ref idref="oc-76"/>
         </contents>
      </logical_group>
      <logical_group id="lg-2b" display="no" color="cyan">
         <name>SpiaRegsFile</name>
         <run_address>0x7040</run_address>
         <size>0x10</size>
         <contents>
            <object_component_ref idref="oc-67"/>
         </contents>
      </logical_group>
      <logical_group id="lg-2c" display="no" color="cyan">
         <name>SciaRegsFile</name>
         <run_address>0x7050</run_address>
         <size>0x10</size>
         <contents>
            <object_component_ref idref="oc-6a"/>
         </contents>
      </logical_group>
      <logical_group id="lg-2d" display="no" color="cyan">
         <name>XIntruptRegsFile</name>
         <run_address>0x7070</run_address>
         <size>0x10</size>
         <contents>
            <object_component_ref idref="oc-6d"/>
         </contents>
      </logical_group>
      <logical_group id="lg-2e" display="no" color="cyan">
         <name>AdcRegsFile</name>
         <run_address>0x7100</run_address>
         <size>0x1e</size>
         <contents>
            <object_component_ref idref="oc-6f"/>
         </contents>
      </logical_group>
      <logical_group id="lg-2f" display="no" color="cyan">
         <name>ScibRegsFile</name>
         <run_address>0x7750</run_address>
         <size>0x10</size>
         <contents>
            <object_component_ref idref="oc-68"/>
         </contents>
      </logical_group>
      <logical_group id="lg-30" display="no" color="cyan">
         <name>ScicRegsFile</name>
         <run_address>0x7770</run_address>
         <size>0x10</size>
         <contents>
            <object_component_ref idref="oc-69"/>
         </contents>
      </logical_group>
      <logical_group id="lg-31" display="no" color="cyan">
         <name>I2caRegsFile</name>
         <run_address>0x7900</run_address>
         <size>0x22</size>
         <contents>
            <object_component_ref idref="oc-7b"/>
         </contents>
      </logical_group>
      <logical_group id="lg-32" display="no" color="cyan">
         <name>CsmPwlFile</name>
         <run_address>0x33fff8</run_address>
         <size>0x8</size>
         <contents>
            <object_component_ref idref="oc-62"/>
         </contents>
      </logical_group>
      <logical_group id="lg-33" display="no" color="cyan">
         <name>PartIdRegsFile</name>
         <run_address>0x380090</run_address>
         <size>0x1</size>
         <contents>
            <object_component_ref idref="oc-60"/>
         </contents>
      </logical_group>
      <logical_group id="lg-34" display="no" color="cyan">
         <name>codestart</name>
         <load_address>0x0</load_address>
         <run_address>0x0</run_address>
         <size>0x2</size>
         <contents>
            <object_component_ref idref="oc-5a"/>
         </contents>
      </logical_group>
      <logical_group id="lg-35" display="no" color="cyan">
         <name>ramfuncs</name>
         <load_address>0x82c9</load_address>
         <run_address>0x82c9</run_address>
         <size>0x4</size>
         <contents>
            <object_component_ref idref="oc-93"/>
         </contents>
      </logical_group>
      <logical_group id="lg-36" display="no" color="cyan">
         <name>.text</name>
         <load_address>0x9000</load_address>
         <run_address>0x9000</run_address>
         <size>0x1146</size>
         <contents>
            <object_component_ref idref="oc-a1"/>
            <object_component_ref idref="oc-d5"/>
            <object_component_ref idref="oc-d9"/>
            <object_component_ref idref="oc-c9"/>
            <object_component_ref idref="oc-4e"/>
            <object_component_ref idref="oc-4d"/>
            <object_component_ref idref="oc-c5"/>
            <object_component_ref idref="oc-bd"/>
            <object_component_ref idref="oc-d8"/>
            <object_component_ref idref="oc-d3"/>
            <object_component_ref idref="oc-d4"/>
            <object_component_ref idref="oc-c1"/>
            <object_component_ref idref="oc-99"/>
            <object_component_ref idref="oc-da"/>
            <object_component_ref idref="oc-59"/>
         </contents>
      </logical_group>
      <logical_group id="lg-37" display="no" color="cyan">
         <name>.cinit</name>
         <load_address>0x8000</load_address>
         <run_address>0x8000</run_address>
         <size>0x2c9</size>
         <contents>
            <object_component_ref idref="oc-9f"/>
            <object_component_ref idref="oc-ad"/>
            <object_component_ref idref="oc-d7"/>
            <object_component_ref idref="oc-db"/>
         </contents>
      </logical_group>
      <logical_group id="lg-38" display="no" color="cyan">
         <name>.pinit</name>
         <run_address>0x0</run_address>
         <size>0x0</size>
         <contents>
         </contents>
      </logical_group>
      <logical_group id="lg-39" display="no" color="cyan">
         <name>.switch</name>
         <run_address>0x0</run_address>
         <size>0x0</size>
         <contents>
         </contents>
      </logical_group>
      <logical_group id="lg-3a" display="no" color="cyan">
         <name>.stack</name>
         <run_address>0x400</run_address>
         <size>0x380</size>
         <contents>
            <object_component_ref idref="oc-a6"/>
            <object_component_ref idref="oc-132"/>
         </contents>
      </logical_group>
      <logical_group id="lg-3b" display="no" color="cyan">
         <name>.ebss</name>
         <run_address>0xc320</run_address>
         <size>0x2e6</size>
         <contents>
            <object_component_ref idref="oc-a0"/>
            <object_component_ref idref="oc-ae"/>
            <object_component_ref idref="oc-dc"/>
            <object_component_ref idref="oc-d6"/>
         </contents>
      </logical_group>
      <logical_group id="lg-3c" display="no" color="cyan">
         <name>.econst</name>
         <run_address>0x0</run_address>
         <size>0x0</size>
         <contents>
         </contents>
      </logical_group>
      <logical_group id="lg-3d" display="no" color="cyan">
         <name>.esysmem</name>
         <run_address>0x0</run_address>
         <size>0x0</size>
         <contents>
         </contents>
      </logical_group>
      <logical_group id="lg-3e" display="no" color="cyan">
         <name>IQmath</name>
         <run_address>0x0</run_address>
         <size>0x0</size>
         <contents>
         </contents>
      </logical_group>
      <logical_group id="lg-3f" display="no" color="cyan">
         <name>IQmathTables</name>
         <run_address>0x0</run_address>
         <size>0x0</size>
         <contents>
         </contents>
      </logical_group>
      <logical_group id="lg-40" display="no" color="cyan">
         <name>IQmathTablesRam</name>
         <run_address>0x0</run_address>
         <size>0x0</size>
         <contents>
         </contents>
      </logical_group>
      <logical_group id="lg-41" display="no" color="cyan">
         <name>FPUmathTables</name>
         <load_address>0x3febdc</load_address>
         <run_address>0x3febdc</run_address>
         <size>0x6a0</size>
         <contents>
            <object_component_ref idref="oc-cd"/>
         </contents>
      </logical_group>
      <logical_group id="lg-42" display="no" color="cyan">
         <name>DMARAML4</name>
         <run_address>0x0</run_address>
         <size>0x0</size>
         <contents>
         </contents>
      </logical_group>
      <logical_group id="lg-43" display="no" color="cyan">
         <name>DMARAML5</name>
         <run_address>0x0</run_address>
         <size>0x0</size>
         <contents>
         </contents>
      </logical_group>
      <logical_group id="lg-44" display="no" color="cyan">
         <name>DMARAML6</name>
         <run_address>0x0</run_address>
         <size>0x0</size>
         <contents>
         </contents>
      </logical_group>
      <logical_group id="lg-45" display="no" color="cyan">
         <name>DMARAML7</name>
         <run_address>0x0</run_address>
         <size>0x0</size>
         <contents>
         </contents>
      </logical_group>
      <logical_group id="lg-46" display="no" color="cyan">
         <name>ZONE7DATA</name>
         <run_address>0x0</run_address>
         <size>0x0</size>
         <contents>
         </contents>
      </logical_group>
      <logical_group id="lg-47" display="no" color="cyan">
         <name>.reset</name>
         <load_address>0x3fffc0</load_address>
         <run_address>0x3fffc0</run_address>
         <size>0x2</size>
         <contents>
            <object_component_ref idref="oc-a7"/>
         </contents>
      </logical_group>
      <logical_group id="lg-48" display="no" color="cyan">
         <name>csm_rsvd</name>
         <run_address>0x33ff80</run_address>
         <size>0x0</size>
         <contents>
         </contents>
      </logical_group>
      <logical_group id="lg-49" display="no" color="cyan">
         <name>csmpasswds</name>
         <run_address>0x33fff8</run_address>
         <size>0x0</size>
         <contents>
         </contents>
      </logical_group>
      <logical_group id="lg-4a" display="no" color="cyan">
         <name>.adc_cal</name>
         <load_address>0x380080</load_address>
         <run_address>0x380080</run_address>
         <size>0x7</size>
         <contents>
            <object_component_ref idref="oc-54"/>
         </contents>
      </logical_group>
      <logical_group id="lg-4b" display="no" color="cyan">
         <name>DLOG</name>
         <run_address>0xc000</run_address>
         <size>0x320</size>
         <contents>
            <object_component_ref idref="oc-4f"/>
         </contents>
      </logical_group>
      <logical_group id="lg-127" display="never" color="cyan">
         <name>.debug_info</name>
         <load_address>0x0</load_address>
         <run_address>0x0</run_address>
         <size>0x22e09</size>
         <contents>
            <object_component_ref idref="oc-50"/>
            <object_component_ref idref="oc-55"/>
            <object_component_ref idref="oc-5b"/>
            <object_component_ref idref="oc-5f"/>
            <object_component_ref idref="oc-94"/>
            <object_component_ref idref="oc-98"/>
            <object_component_ref idref="oc-9e"/>
            <object_component_ref idref="oc-a8"/>
            <object_component_ref idref="oc-ac"/>
            <object_component_ref idref="oc-b3"/>
            <object_component_ref idref="oc-b8"/>
            <object_component_ref idref="oc-be"/>
            <object_component_ref idref="oc-c2"/>
            <object_component_ref idref="oc-c6"/>
            <object_component_ref idref="oc-ca"/>
            <object_component_ref idref="oc-ce"/>
            <object_component_ref idref="oc-133"/>
         </contents>
      </logical_group>
      <logical_group id="lg-129" display="never" color="cyan">
         <name>.debug_line</name>
         <load_address>0x0</load_address>
         <run_address>0x0</run_address>
         <size>0xbe1</size>
         <contents>
            <object_component_ref idref="oc-51"/>
            <object_component_ref idref="oc-56"/>
            <object_component_ref idref="oc-5c"/>
            <object_component_ref idref="oc-95"/>
            <object_component_ref idref="oc-9b"/>
            <object_component_ref idref="oc-a3"/>
            <object_component_ref idref="oc-a9"/>
            <object_component_ref idref="oc-b0"/>
            <object_component_ref idref="oc-b5"/>
            <object_component_ref idref="oc-ba"/>
            <object_component_ref idref="oc-bf"/>
            <object_component_ref idref="oc-c3"/>
            <object_component_ref idref="oc-c7"/>
            <object_component_ref idref="oc-cb"/>
            <object_component_ref idref="oc-d0"/>
         </contents>
      </logical_group>
      <logical_group id="lg-12b" display="never" color="cyan">
         <name>.debug_abbrev</name>
         <load_address>0x0</load_address>
         <run_address>0x0</run_address>
         <size>0x93f</size>
         <contents>
            <object_component_ref idref="oc-52"/>
            <object_component_ref idref="oc-57"/>
            <object_component_ref idref="oc-5d"/>
            <object_component_ref idref="oc-92"/>
            <object_component_ref idref="oc-96"/>
            <object_component_ref idref="oc-9c"/>
            <object_component_ref idref="oc-a4"/>
            <object_component_ref idref="oc-aa"/>
            <object_component_ref idref="oc-b1"/>
            <object_component_ref idref="oc-b6"/>
            <object_component_ref idref="oc-bb"/>
            <object_component_ref idref="oc-c0"/>
            <object_component_ref idref="oc-c4"/>
            <object_component_ref idref="oc-c8"/>
            <object_component_ref idref="oc-cc"/>
            <object_component_ref idref="oc-d1"/>
            <object_component_ref idref="oc-134"/>
         </contents>
      </logical_group>
      <logical_group id="lg-12d" display="never" color="cyan">
         <name>.debug_aranges</name>
         <load_address>0x0</load_address>
         <run_address>0x0</run_address>
         <size>0x230</size>
         <contents>
            <object_component_ref idref="oc-53"/>
            <object_component_ref idref="oc-58"/>
            <object_component_ref idref="oc-5e"/>
            <object_component_ref idref="oc-97"/>
            <object_component_ref idref="oc-9d"/>
            <object_component_ref idref="oc-a5"/>
            <object_component_ref idref="oc-ab"/>
            <object_component_ref idref="oc-b2"/>
            <object_component_ref idref="oc-b7"/>
            <object_component_ref idref="oc-bc"/>
            <object_component_ref idref="oc-d2"/>
         </contents>
      </logical_group>
      <logical_group id="lg-12f" display="never" color="cyan">
         <name>.debug_frame</name>
         <load_address>0x0</load_address>
         <run_address>0x0</run_address>
         <size>0x6cc</size>
         <contents>
            <object_component_ref idref="oc-9a"/>
            <object_component_ref idref="oc-a2"/>
            <object_component_ref idref="oc-af"/>
            <object_component_ref idref="oc-b4"/>
            <object_component_ref idref="oc-b9"/>
            <object_component_ref idref="oc-cf"/>
         </contents>
      </logical_group>
   </logical_group_list>
   <placement_map>
      <memory_area display="no" color="green">
         <name>BEGIN</name>
         <page_id>0x0</page_id>
         <origin>0x0</origin>
         <length>0x2</length>
         <used_space>0x2</used_space>
         <unused_space>0x0</unused_space>
         <attributes>RWIX</attributes>
         <usage_details>
            <allocated_space>
               <start_address>0x0</start_address>
               <size>0x2</size>
               <logical_group_ref idref="lg-34"/>
            </allocated_space>
         </usage_details>
      </memory_area>
      <memory_area display="no" color="green">
         <name>BOOT_RSVD</name>
         <page_id>0x0</page_id>
         <origin>0x2</origin>
         <length>0x4e</length>
         <used_space>0x0</used_space>
         <unused_space>0x4e</unused_space>
         <attributes>RWIX</attributes>
         <usage_details>
         </usage_details>
      </memory_area>
      <memory_area display="yes" color="green">
         <name>RAMM0</name>
         <page_id>0x0</page_id>
         <origin>0x50</origin>
         <length>0x3b0</length>
         <used_space>0x0</used_space>
         <unused_space>0x3b0</unused_space>
         <attributes>RWIX</attributes>
         <usage_details>
         </usage_details>
      </memory_area>
      <memory_area display="yes" color="green">
         <name>RAML0</name>
         <page_id>0x0</page_id>
         <origin>0x8000</origin>
         <length>0x1000</length>
         <used_space>0x2cd</used_space>
         <unused_space>0xd33</unused_space>
         <attributes>RWIX</attributes>
         <usage_details>
            <allocated_space>
               <start_address>0x8000</start_address>
               <size>0x2c9</size>
               <logical_group_ref idref="lg-37"/>
            </allocated_space>
            <allocated_space>
               <start_address>0x82c9</start_address>
               <size>0x4</size>
               <logical_group_ref idref="lg-35"/>
            </allocated_space>
            <available_space>
               <start_address>0x82cd</start_address>
               <size>0xd33</size>
            </available_space>
         </usage_details>
      </memory_area>
      <memory_area display="yes" color="green">
         <name>RAML1</name>
         <page_id>0x0</page_id>
         <origin>0x9000</origin>
         <length>0x1800</length>
         <used_space>0x1146</used_space>
         <unused_space>0x6ba</unused_space>
         <attributes>RWIX</attributes>
         <usage_details>
            <allocated_space>
               <start_address>0x9000</start_address>
               <size>0x1146</size>
               <logical_group_ref idref="lg-36"/>
            </allocated_space>
            <available_space>
               <start_address>0xa146</start_address>
               <size>0x6ba</size>
            </available_space>
         </usage_details>
      </memory_area>
      <memory_area display="yes" color="green">
         <name>RAML2</name>
         <page_id>0x0</page_id>
         <origin>0xb000</origin>
         <length>0x1000</length>
         <used_space>0x0</used_space>
         <unused_space>0x1000</unused_space>
         <attributes>RWIX</attributes>
         <usage_details>
         </usage_details>
      </memory_area>
      <memory_area display="yes" color="green">
         <name>RAML3</name>
         <page_id>0x0</page_id>
         <origin>0xc000</origin>
         <length>0x1000</length>
         <used_space>0x0</used_space>
         <unused_space>0x1000</unused_space>
         <attributes>RWIX</attributes>
         <usage_details>
         </usage_details>
      </memory_area>
      <memory_area display="yes" color="green">
         <name>ZONE7A</name>
         <page_id>0x0</page_id>
         <origin>0x200000</origin>
         <length>0xfc00</length>
         <used_space>0x0</used_space>
         <unused_space>0xfc00</unused_space>
         <attributes>RWIX</attributes>
         <usage_details>
         </usage_details>
      </memory_area>
      <memory_area display="yes" color="green">
         <name>CSM_RSVD</name>
         <page_id>0x0</page_id>
         <origin>0x33ff80</origin>
         <length>0x76</length>
         <used_space>0x0</used_space>
         <unused_space>0x76</unused_space>
         <attributes>RWIX</attributes>
         <usage_details>
         </usage_details>
      </memory_area>
      <memory_area display="no" color="green">
         <name>CSM_PWL</name>
         <page_id>0x0</page_id>
         <origin>0x33fff8</origin>
         <length>0x8</length>
         <used_space>0x0</used_space>
         <unused_space>0x8</unused_space>
         <attributes>RWIX</attributes>
         <usage_details>
         </usage_details>
      </memory_area>
      <memory_area display="no" color="green">
         <name>ADC_CAL</name>
         <page_id>0x0</page_id>
         <origin>0x380080</origin>
         <length>0x9</length>
         <used_space>0x7</used_space>
         <unused_space>0x2</unused_space>
         <attributes>RWIX</attributes>
         <usage_details>
            <allocated_space>
               <start_address>0x380080</start_address>
               <size>0x7</size>
               <logical_group_ref idref="lg-4a"/>
            </allocated_space>
            <available_space>
               <start_address>0x380087</start_address>
               <size>0x2</size>
            </available_space>
         </usage_details>
      </memory_area>
      <memory_area display="yes" color="green">
         <name>IQTABLES</name>
         <page_id>0x0</page_id>
         <origin>0x3fe000</origin>
         <length>0xb50</length>
         <used_space>0x0</used_space>
         <unused_space>0xb50</unused_space>
         <attributes>RWIX</attributes>
         <usage_details>
         </usage_details>
      </memory_area>
      <memory_area display="yes" color="green">
         <name>IQTABLES2</name>
         <page_id>0x0</page_id>
         <origin>0x3feb50</origin>
         <length>0x8c</length>
         <used_space>0x0</used_space>
         <unused_space>0x8c</unused_space>
         <attributes>RWIX</attributes>
         <usage_details>
         </usage_details>
      </memory_area>
      <memory_area display="yes" color="green">
         <name>FPUTABLES</name>
         <page_id>0x0</page_id>
         <origin>0x3febdc</origin>
         <length>0x6a0</length>
         <used_space>0x6a0</used_space>
         <unused_space>0x0</unused_space>
         <attributes>RWIX</attributes>
         <usage_details>
            <allocated_space>
               <start_address>0x3febdc</start_address>
               <size>0x6a0</size>
               <logical_group_ref idref="lg-41"/>
            </allocated_space>
         </usage_details>
      </memory_area>
      <memory_area display="yes" color="green">
         <name>BOOTROM</name>
         <page_id>0x0</page_id>
         <origin>0x3ff27c</origin>
         <length>0xd44</length>
         <used_space>0x0</used_space>
         <unused_space>0xd44</unused_space>
         <attributes>RWIX</attributes>
         <usage_details>
         </usage_details>
      </memory_area>
      <memory_area display="no" color="green">
         <name>RESET</name>
         <page_id>0x0</page_id>
         <origin>0x3fffc0</origin>
         <length>0x2</length>
         <used_space>0x0</used_space>
         <unused_space>0x2</unused_space>
         <attributes>RWIX</attributes>
         <usage_details>
         </usage_details>
      </memory_area>
      <memory_area display="yes" color="green">
         <name>RAMM1</name>
         <page_id>0x1</page_id>
         <origin>0x400</origin>
         <length>0x400</length>
         <used_space>0x380</used_space>
         <unused_space>0x80</unused_space>
         <attributes>RWIX</attributes>
         <usage_details>
            <allocated_space>
               <start_address>0x400</start_address>
               <size>0x380</size>
               <logical_group_ref idref="lg-3a"/>
            </allocated_space>
            <available_space>
               <start_address>0x780</start_address>
               <size>0x80</size>
            </available_space>
         </usage_details>
      </memory_area>
      <memory_area display="yes" color="green">
         <name>DEV_EMU</name>
         <page_id>0x1</page_id>
         <origin>0x880</origin>
         <length>0x180</length>
         <used_space>0xd0</used_space>
         <unused_space>0xb0</unused_space>
         <attributes>RWIX</attributes>
         <usage_details>
            <allocated_space>
               <start_address>0x880</start_address>
               <size>0xd0</size>
               <logical_group_ref idref="lg-3"/>
            </allocated_space>
            <available_space>
               <start_address>0x950</start_address>
               <size>0xb0</size>
            </available_space>
         </usage_details>
      </memory_area>
      <memory_area display="no" color="green">
         <name>FLASH_REGS</name>
         <page_id>0x1</page_id>
         <origin>0xa80</origin>
         <length>0x60</length>
         <used_space>0x8</used_space>
         <unused_space>0x58</unused_space>
         <attributes>RWIX</attributes>
         <usage_details>
            <allocated_space>
               <start_address>0xa80</start_address>
               <size>0x8</size>
               <logical_group_ref idref="lg-4"/>
            </allocated_space>
            <available_space>
               <start_address>0xa88</start_address>
               <size>0x58</size>
            </available_space>
         </usage_details>
      </memory_area>
      <memory_area display="no" color="green">
         <name>CSM</name>
         <page_id>0x1</page_id>
         <origin>0xae0</origin>
         <length>0x10</length>
         <used_space>0x10</used_space>
         <unused_space>0x0</unused_space>
         <attributes>RWIX</attributes>
         <usage_details>
            <allocated_space>
               <start_address>0xae0</start_address>
               <size>0x10</size>
               <logical_group_ref idref="lg-5"/>
            </allocated_space>
         </usage_details>
      </memory_area>
      <memory_area display="no" color="green">
         <name>ADC_MIRROR</name>
         <page_id>0x1</page_id>
         <origin>0xb00</origin>
         <length>0x10</length>
         <used_space>0x10</used_space>
         <unused_space>0x0</unused_space>
         <attributes>RWIX</attributes>
         <usage_details>
            <allocated_space>
               <start_address>0xb00</start_address>
               <size>0x10</size>
               <logical_group_ref idref="lg-6"/>
            </allocated_space>
         </usage_details>
      </memory_area>
      <memory_area display="no" color="green">
         <name>XINTF</name>
         <page_id>0x1</page_id>
         <origin>0xb20</origin>
         <length>0x20</length>
         <used_space>0x1e</used_space>
         <unused_space>0x2</unused_space>
         <attributes>RWIX</attributes>
         <usage_details>
            <allocated_space>
               <start_address>0xb20</start_address>
               <size>0x1e</size>
               <logical_group_ref idref="lg-7"/>
            </allocated_space>
            <available_space>
               <start_address>0xb3e</start_address>
               <size>0x2</size>
            </available_space>
         </usage_details>
      </memory_area>
      <memory_area display="no" color="green">
         <name>CPU_TIMER0</name>
         <page_id>0x1</page_id>
         <origin>0xc00</origin>
         <length>0x8</length>
         <used_space>0x8</used_space>
         <unused_space>0x0</unused_space>
         <attributes>RWIX</attributes>
         <usage_details>
            <allocated_space>
               <start_address>0xc00</start_address>
               <size>0x8</size>
               <logical_group_ref idref="lg-8"/>
            </allocated_space>
         </usage_details>
      </memory_area>
      <memory_area display="no" color="green">
         <name>CPU_TIMER1</name>
         <page_id>0x1</page_id>
         <origin>0xc08</origin>
         <length>0x8</length>
         <used_space>0x8</used_space>
         <unused_space>0x0</unused_space>
         <attributes>RWIX</attributes>
         <usage_details>
            <allocated_space>
               <start_address>0xc08</start_address>
               <size>0x8</size>
               <logical_group_ref idref="lg-9"/>
            </allocated_space>
         </usage_details>
      </memory_area>
      <memory_area display="no" color="green">
         <name>CPU_TIMER2</name>
         <page_id>0x1</page_id>
         <origin>0xc10</origin>
         <length>0x8</length>
         <used_space>0x8</used_space>
         <unused_space>0x0</unused_space>
         <attributes>RWIX</attributes>
         <usage_details>
            <allocated_space>
               <start_address>0xc10</start_address>
               <size>0x8</size>
[...]
         <object_component_ref idref="oc-6e"/>
      </symbol>
      <symbol id="sm-165">
         <name>_ECanbMOTSRegs</name>
         <value>0x6280</value>
         <object_component_ref idref="oc-86"/>
      </symbol>
      <symbol id="sm-166">
         <name>_ECanaRegs</name>
         <value>0x6000</value>
         <object_component_ref idref="oc-83"/>
      </symbol>
      <symbol id="sm-167">
         <name>_AdcMirror</name>
         <value>0xb00</value>
         <object_component_ref idref="oc-6c"/>
      </symbol>
      <symbol id="sm-168">
         <name>_ECanbMboxes</name>
         <value>0x6300</value>
         <object_component_ref idref="oc-8f"/>
      </symbol>
      <symbol id="sm-169">
         <name>_XintfRegs</name>
         <value>0xb20</value>
         <object_component_ref idref="oc-70"/>
      </symbol>
      <symbol id="sm-16a">
         <name>_ScicRegs</name>
         <value>0x7770</value>
         <object_component_ref idref="oc-69"/>
      </symbol>
      <symbol id="sm-16b">
         <name>_ECap1Regs</name>
         <value>0x6a00</value>
         <object_component_ref idref="oc-73"/>
      </symbol>
      <symbol id="sm-16c">
         <name>_EQep1Regs</name>
         <value>0x6b00</value>
         <object_component_ref idref="oc-8a"/>
      </symbol>
      <symbol id="sm-16d">
         <name>_McbspaRegs</name>
         <value>0x5000</value>
         <object_component_ref idref="oc-81"/>
      </symbol>
      <symbol id="sm-16e">
         <name>_EPwm1Regs</name>
         <value>0x6800</value>
         <object_component_ref idref="oc-7e"/>
      </symbol>
      <symbol id="sm-16f">
         <name>_ECanbRegs</name>
         <value>0x6200</value>
         <object_component_ref idref="oc-84"/>
      </symbol>
      <symbol id="sm-170">
         <name>_ScibRegs</name>
         <value>0x7750</value>
         <object_component_ref idref="oc-68"/>
      </symbol>
      <symbol id="sm-171">
         <name>_ECap2Regs</name>
         <value>0x6a20</value>
         <object_component_ref idref="oc-74"/>
      </symbol>
      <symbol id="sm-172">
         <name>_GpioIntRegs</name>
         <value>0x6fe0</value>
         <object_component_ref idref="oc-66"/>
      </symbol>
      <symbol id="sm-173">
         <name>_EQep2Regs</name>
         <value>0x6b40</value>
         <object_component_ref idref="oc-8b"/>
      </symbol>
      <symbol id="sm-174">
         <name>_PartIdRegs</name>
         <value>0x380090</value>
         <object_component_ref idref="oc-60"/>
      </symbol>
      <symbol id="sm-175">
         <name>_EPwm2Regs</name>
         <value>0x6840</value>
         <object_component_ref idref="oc-79"/>
      </symbol>
      <symbol id="sm-176">
         <name>_ECanaMboxes</name>
         <value>0x6100</value>
         <object_component_ref idref="oc-90"/>
      </symbol>
      <symbol id="sm-177">
         <name>_ECap3Regs</name>
         <value>0x6a40</value>
         <object_component_ref idref="oc-71"/>
      </symbol>
      <symbol id="sm-178">
         <name>_ECanaMOTORegs</name>
         <value>0x60c0</value>
         <object_component_ref idref="oc-85"/>
      </symbol>
      <symbol id="sm-179">
         <name>_EPwm3Regs</name>
         <value>0x6880</value>
         <object_component_ref idref="oc-7a"/>
      </symbol>
      <symbol id="sm-17a">
         <name>_ECanbLAMRegs</name>
         <value>0x6240</value>
         <object_component_ref idref="oc-8c"/>
      </symbol>
      <symbol id="sm-17b">
         <name>_I2caRegs</name>
         <value>0x7900</value>
         <object_component_ref idref="oc-7b"/>
      </symbol>
      <symbol id="sm-187">
         <name>_DSP28x_usDelay</name>
         <value>0x82c9</value>
         <object_component_ref idref="oc-93"/>
      </symbol>
      <symbol id="sm-19d">
         <name>_DeviceInit</name>
         <value>0x9dbd</value>
         <object_component_ref idref="oc-d9"/>
      </symbol>
      <symbol id="sm-19e">
         <name>_MemCopy</name>
         <value>0x9f67</value>
         <object_component_ref idref="oc-d9"/>
      </symbol>
      <symbol id="sm-19f">
         <name>_PieCntlInit</name>
         <value>0x9f27</value>
         <object_component_ref idref="oc-d9"/>
      </symbol>
      <symbol id="sm-1a0">
         <name>_WDogDisable</name>
         <value>0x9efc</value>
         <object_component_ref idref="oc-d9"/>
      </symbol>
      <symbol id="sm-1a1">
         <name>_PieVectTableInit</name>
         <value>0x9f46</value>
         <object_component_ref idref="oc-d9"/>
      </symbol>
      <symbol id="sm-1a2">
         <name>_PLLset</name>
         <value>0x9f04</value>
         <object_component_ref idref="oc-d9"/>
      </symbol>
      <symbol id="sm-1a3">
         <name>_ISR_ILLEGAL</name>
         <value>0xa12b</value>
         <object_component_ref idref="oc-99"/>
      </symbol>
      <symbol id="sm-20b">
         <name>_MainISR</name>
         <value>0x9000</value>
         <object_component_ref idref="oc-a1"/>
      </symbol>
      <symbol id="sm-20c">
         <name>_OffsetISR</name>
         <value>0x9776</value>
         <object_component_ref idref="oc-a1"/>
      </symbol>
      <symbol id="sm-20d">
         <name>_main</name>
         <value>0x982b</value>
         <object_component_ref idref="oc-d5"/>
      </symbol>
      <symbol id="sm-20e">
         <name>_DlogCh1</name>
         <value>0xc340</value>
         <object_component_ref idref="oc-a0"/>
      </symbol>
      <symbol id="sm-20f">
         <name>_DlogCh3</name>
         <value>0xc348</value>
         <object_component_ref idref="oc-a0"/>
      </symbol>
      <symbol id="sm-210">
         <name>_DlogCh2</name>
         <value>0xc341</value>
         <object_component_ref idref="oc-a0"/>
      </symbol>
      <symbol id="sm-211">
         <name>_DlogCh4</name>
         <value>0xc349</value>
         <object_component_ref idref="oc-a0"/>
      </symbol>
      <symbol id="sm-212">
         <name>_ACQPS</name>
         <value>0xc420</value>
         <object_component_ref idref="oc-a0"/>
      </symbol>
      <symbol id="sm-213">
         <name>_qep1</name>
         <value>0xc440</value>
         <object_component_ref idref="oc-a0"/>
      </symbol>
      <symbol id="sm-214">
         <name>_IqRef</name>
         <value>0xc35c</value>
         <object_component_ref idref="oc-a0"/>
      </symbol>
      <symbol id="sm-215">
         <name>_B_Task_Ptr</name>
         <value>0xc358</value>
         <object_component_ref idref="oc-a0"/>
      </symbol>
      <symbol id="sm-216">
         <name>_offsetA</name>
         <value>0xc360</value>
         <object_component_ref idref="oc-a0"/>
      </symbol>
      <symbol id="sm-217">
         <name>_offsetC</name>
         <value>0xc36a</value>
         <object_component_ref idref="oc-a0"/>
      </symbol>
      <symbol id="sm-218">
         <name>_offsetB</name>
         <value>0xc366</value>
         <object_component_ref idref="oc-a0"/>
      </symbol>
      <symbol id="sm-219">
         <name>_se1</name>
         <value>0xc540</value>
         <object_component_ref idref="oc-a0"/>
      </symbol>
      <symbol id="sm-21a">
         <name>_se1_const</name>
         <value>0xc518</value>
         <object_component_ref idref="oc-a0"/>
      </symbol>
      <symbol id="sm-21b">
         <name>_SpeedRef</name>
         <value>0xc350</value>
         <object_component_ref idref="oc-a0"/>
      </symbol>
      <symbol id="sm-21c">
         <name>_speed1</name>
         <value>0xc480</value>
         <object_component_ref idref="oc-a0"/>
      </symbol>
      <symbol id="sm-21d">
         <name>_speed2</name>
         <value>0xc464</value>
         <object_component_ref idref="oc-a0"/>
      </symbol>
      <symbol id="sm-21e">
         <name>_IsrTicker</name>
         <value>0xc356</value>
         <object_component_ref idref="oc-a0"/>
      </symbol>
      <symbol id="sm-21f">
         <name>_VdTesting</name>
         <value>0xc362</value>
         <object_component_ref idref="oc-a0"/>
      </symbol>
      <symbol id="sm-220">
         <name>_clarke1</name>
         <value>0xc396</value>
         <object_component_ref idref="oc-a0"/>
      </symbol>
      <symbol id="sm-221">
         <name>_VTimer1</name>
         <value>0xc374</value>
         <object_component_ref idref="oc-a0"/>
      </symbol>
      <symbol id="sm-222">
         <name>_VTimer0</name>
         <value>0xc378</value>
         <object_component_ref idref="oc-a0"/>
      </symbol>
      <symbol id="sm-223">
         <name>_VTimer2</name>
         <value>0xc370</value>
         <object_component_ref idref="oc-a0"/>
      </symbol>
      <symbol id="sm-224">
         <name>_OffsetFlag</name>
         <value>0xc344</value>
         <object_component_ref idref="oc-a0"/>
      </symbol>
      <symbol id="sm-225">
         <name>_C_Task_Ptr</name>
         <value>0xc35a</value>
         <object_component_ref idref="oc-a0"/>
      </symbol>
      <symbol id="sm-226">
         <name>_A_Task_Ptr</name>
         <value>0xc34e</value>
         <object_component_ref idref="oc-a0"/>
      </symbol>
      <symbol id="sm-227">
         <name>_K2</name>
         <value>0xc368</value>
         <object_component_ref idref="oc-a0"/>
      </symbol>
      <symbol id="sm-228">
         <name>_K1</name>
         <value>0xc35e</value>
         <object_component_ref idref="oc-a0"/>
      </symbol>
      <symbol id="sm-229">
         <name>_pwm1</name>
         <value>0xc38c</value>
         <object_component_ref idref="oc-a0"/>
      </symbol>
      <symbol id="sm-22a">
         <name>_Alpha_State_Ptr</name>
         <value>0xc34c</value>
         <object_component_ref idref="oc-a0"/>
      </symbol>
      <symbol id="sm-22b">
         <name>_IdRef</name>
         <value>0xc352</value>
         <object_component_ref idref="oc-a0"/>
      </symbol>
      <symbol id="sm-22c">
         <name>_TrigSel</name>
         <value>0xc3ea</value>
         <object_component_ref idref="oc-a0"/>
      </symbol>
      <symbol id="sm-22d">
         <name>_rg1</name>
         <value>0xc3a0</value>
         <object_component_ref idref="oc-a0"/>
      </symbol>
      <symbol id="sm-22e">
         <name>_SpeedLoopCount</name>
         <value>0xc347</value>
         <object_component_ref idref="oc-a0"/>
      </symbol>
      <symbol id="sm-22f">
         <name>_pi_spd</name>
         <value>0xc4c0</value>
         <object_component_ref idref="oc-a0"/>
      </symbol>
      <symbol id="sm-230">
         <name>_VqTesting</name>
         <value>0xc364</value>
         <object_component_ref idref="oc-a0"/>
      </symbol>
      <symbol id="sm-231">
         <name>_dlog</name>
         <value>0xc494</value>
         <object_component_ref idref="oc-a0"/>
      </symbol>
      <symbol id="sm-232">
         <name>_rc1</name>
         <value>0xc410</value>
         <object_component_ref idref="oc-a0"/>
      </symbol>
      <symbol id="sm-233">
         <name>_pwmdac1</name>
         <value>0xc386</value>
         <object_component_ref idref="oc-a0"/>
      </symbol>
      <symbol id="sm-234">
         <name>_volt1</name>
         <value>0xc4aa</value>
         <object_component_ref idref="oc-a0"/>
      </symbol>
      <symbol id="sm-235">
         <name>_C3</name>
         <value>0x9d71</value>
         <object_component_ref idref="oc-d5"/>
      </symbol>
      <symbol id="sm-236">
         <name>_C2</name>
         <value>0x9d6b</value>
         <object_component_ref idref="oc-d5"/>
      </symbol>
      <symbol id="sm-237">
         <name>_C1</name>
         <value>0x9d56</value>
         <object_component_ref idref="oc-d5"/>
      </symbol>
      <symbol id="sm-238">
         <name>_C0</name>
         <value>0x9d11</value>
         <object_component_ref idref="oc-d5"/>
      </symbol>
      <symbol id="sm-239">
         <name>_B3</name>
         <value>0x9d50</value>
         <object_component_ref idref="oc-d5"/>
      </symbol>
      <symbol id="sm-23a">
         <name>_B2</name>
         <value>0x9d4a</value>
         <object_component_ref idref="oc-d5"/>
      </symbol>
      <symbol id="sm-23b">
         <name>_B1</name>
         <value>0x9d44</value>
         <object_component_ref idref="oc-d5"/>
      </symbol>
      <symbol id="sm-23c">
         <name>_B0</name>
         <value>0x9cfb</value>
         <object_component_ref idref="oc-d5"/>
      </symbol>
      <symbol id="sm-23d">
         <name>_fe1_const</name>
         <value>0xc580</value>
         <object_component_ref idref="oc-a0"/>
      </symbol>
      <symbol id="sm-23e">
         <name>_A3</name>
         <value>0x9d3e</value>
         <object_component_ref idref="oc-d5"/>
      </symbol>
      <symbol id="sm-23f">
         <name>_A2</name>
         <value>0x9d38</value>
         <object_component_ref idref="oc-d5"/>
      </symbol>
      <symbol id="sm-240">
         <name>_A1</name>
         <value>0x9d27</value>
         <object_component_ref idref="oc-d5"/>
      </symbol>
      <symbol id="sm-241">
         <name>_A0</name>
         <value>0x9ce4</value>
         <object_component_ref idref="oc-d5"/>
      </symbol>
      <symbol id="sm-242">
         <name>_ePWM</name>
         <value>0xc3ce</value>
         <object_component_ref idref="oc-a0"/>
      </symbol>
      <symbol id="sm-243">
         <name>_BackTicker</name>
         <value>0xc34a</value>
         <object_component_ref idref="oc-a0"/>
      </symbol>
      <symbol id="sm-244">
         <name>_cap1</name>
         <value>0xc36c</value>
         <object_component_ref idref="oc-a0"/>
      </symbol>
      <symbol id="sm-245">
         <name>_EnableFlag</name>
         <value>0xc346</value>
         <object_component_ref idref="oc-a0"/>
      </symbol>
      <symbol id="sm-246">
         <name>_pi_id</name>
         <value>0xc4d8</value>
         <object_component_ref idref="oc-a0"/>
      </symbol>
      <symbol id="sm-247">
         <name>_pi_iq</name>
         <value>0xc500</value>
         <object_component_ref idref="oc-a0"/>
      </symbol>
      <symbol id="sm-248">
         <name>_svgen1</name>
         <value>0xc452</value>
         <object_component_ref idref="oc-a0"/>
      </symbol>
      <symbol id="sm-249">
         <name>_lsw</name>
         <value>0xc343</value>
         <object_component_ref idref="oc-a0"/>
      </symbol>
      <symbol id="sm-24a">
         <name>_eCAP</name>
         <value>0xc3dc</value>
         <object_component_ref idref="oc-a0"/>
      </symbol>
      <symbol id="sm-24b">
         <name>_fe1</name>
         <value>0xc5c0</value>
         <object_component_ref idref="oc-a0"/>
      </symbol>
      <symbol id="sm-24c">
         <name>_ipark1</name>
         <value>0xc3ac</value>
         <object_component_ref idref="oc-a0"/>
      </symbol>
      <symbol id="sm-24d">
         <name>_SpeedLoopPrescaler</name>
         <value>0xc345</value>
         <object_component_ref idref="oc-a0"/>
      </symbol>
      <symbol id="sm-24e">
         <name>_eQEP</name>
         <value>0xc380</value>
         <object_component_ref idref="oc-a0"/>
      </symbol>
      <symbol id="sm-24f">
         <name>_ChSel</name>
         <value>0xc400</value>
         <object_component_ref idref="oc-a0"/>
      </symbol>
      <symbol id="sm-250">
         <name>_park1</name>
         <value>0xc3c0</value>
         <object_component_ref idref="oc-a0"/>
      </symbol>
      <symbol id="sm-251">
         <name>_HVDMC_Protection</name>
         <value>0x9d77</value>
         <object_component_ref idref="oc-d5"/>
      </symbol>
      <symbol id="sm-252">
         <name>_SerialCommsTimer</name>
         <value>0xc34b</value>
         <object_component_ref idref="oc-a0"/>
      </symbol>
      <symbol id="sm-253">
         <name>_T</name>
         <value>0xc354</value>
         <object_component_ref idref="oc-a0"/>
      </symbol>
      <symbol id="sm-254">
         <name>_TripFlagDMC</name>
         <value>0xc342</value>
         <object_component_ref idref="oc-a0"/>
      </symbol>
      <symbol id="sm-26d">
         <name>_c_int00</name>
         <value>0xa016</value>
         <object_component_ref idref="oc-4d"/>
      </symbol>
      <symbol id="sm-26e">
         <name>__stack</name>
         <value>0x400</value>
         <object_component_ref idref="oc-a6"/>
      </symbol>
      <symbol id="sm-284">
         <name>C$$EXIT</name>
         <value>0xa0f9</value>
         <object_component_ref idref="oc-d4"/>
      </symbol>
      <symbol id="sm-285">
         <name>_exit</name>
         <value>0xa0fb</value>
         <object_component_ref idref="oc-d4"/>
      </symbol>
      <symbol id="sm-286">
         <name>___TI_cleanup_ptr</name>
         <value>0xc320</value>
         <object_component_ref idref="oc-ae"/>
      </symbol>
      <symbol id="sm-287">
         <name>_abort</name>
         <value>0xa0f9</value>
         <object_component_ref idref="oc-d4"/>
      </symbol>
      <symbol id="sm-288">
         <name>___TI_dtors_ptr</name>
         <value>0xc322</value>
         <object_component_ref idref="oc-ae"/>
      </symbol>
      <symbol id="sm-29d">
         <name>__unlock</name>
         <value>0xc326</value>
         <object_component_ref idref="oc-dc"/>
      </symbol>
      <symbol id="sm-29e">
         <name>__lock</name>
         <value>0xc324</value>
         <object_component_ref idref="oc-d6"/>
      </symbol>
      <symbol id="sm-29f">
         <name>__register_lock</name>
         <value>0xa139</value>
         <object_component_ref idref="oc-da"/>
      </symbol>
      <symbol id="sm-2a0">
         <name>__nop</name>
         <value>0xa13d</value>
         <object_component_ref idref="oc-da"/>
      </symbol>
      <symbol id="sm-2a1">
         <name>__register_unlock</name>
         <value>0xa135</value>
         <object_component_ref idref="oc-da"/>
      </symbol>
      <symbol id="sm-2b1">
         <name>__args_main</name>
         <value>0xa0e0</value>
         <object_component_ref idref="oc-d3"/>
      </symbol>
      <symbol id="sm-2b9">
         <name>_sin</name>
         <value>0xa090</value>
         <object_component_ref idref="oc-bd"/>
      </symbol>
      <symbol id="sm-2c1">
         <name>FS$$DIV</name>
         <value>0xa112</value>
         <object_component_ref idref="oc-c1"/>
      </symbol>
      <symbol id="sm-2c9">
         <name>_cos</name>
         <value>0xa05c</value>
         <object_component_ref idref="oc-c5"/>
      </symbol>
      <symbol id="sm-2d1">
         <name>_atan2</name>
         <value>0x9f7c</value>
         <object_component_ref idref="oc-c9"/>
      </symbol>
      <symbol id="sm-2d9">
         <name>_FPUcosTableEnd</name>
         <value>0x3ff0de</value>
         <object_component_ref idref="oc-cd"/>
      </symbol>
      <symbol id="sm-2da">
         <name>_FPUatan2TableEnd</name>
         <value>0x3ff268</value>
         <object_component_ref idref="oc-cd"/>
      </symbol>
      <symbol id="sm-2db">
         <name>_FPUatan2Table</name>
         <value>0x3ff0e2</value>
         <object_component_ref idref="oc-cd"/>
      </symbol>
      <symbol id="sm-2dc">
         <name>_FPUsinTable</name>
         <value>0x3febdc</value>
         <object_component_ref idref="oc-cd"/>
      </symbol>
      <symbol id="sm-2dd">
         <name>_FPUcosTable</name>
         <value>0x3fecdc</value>
         <object_component_ref idref="oc-cd"/>
      </symbol>
      <symbol id="sm-2de">
         <name>_FPUatan2HalfPITable</name>
         <value>0x3ff0de</value>
         <object_component_ref idref="oc-cd"/>
      </symbol>
      <symbol id="sm-2df">
         <name>_FPUsinTableEnd</name>
         <value>0x3fefdc</value>
         <object_component_ref idref="oc-cd"/>
      </symbol>
      <symbol id="sm-2ef">
         <name>_modf</name>
         <value>0xa0c4</value>
         <object_component_ref idref="oc-d8"/>
      </symbol>
   </symbol_table>
   <title>Link successful</title>
</link_info>
